============================= test session starts =============================
platform win32 -- Python 3.13.4, pytest-8.4.1, pluggy-1.6.0 -- C:\Python313\python.exe
cachedir: .pytest_cache
rootdir: F:\Open Source Projects\CredForge
configfile: pytest.ini
testpaths: tests
plugins: cov-6.2.1, mock-3.14.1
collecting ... collected 18 items

tests/test_combine_list_passwords.py::test_process_password_files_basic FAILED [  5%]
tests/test_combine_list_passwords.py::test_process_password_files_no_matches PASSED [ 11%]
tests/test_combine_list_passwords.py::test_process_password_files_empty_files PASSED [ 16%]
tests/test_password_analyzer.py::test_analyze_passwords_basic FAILED     [ 22%]
tests/test_password_analyzer.py::test_analyze_passwords_empty_file FAILED [ 27%]
tests/test_password_analyzer.py::test_analyze_passwords_nonexistent_file FAILED [ 33%]
tests/test_process_ntds.py::test_process_ntds_file FAILED                [ 38%]
tests/test_process_ntds.py::test_process_ntds_file_no_disabled FAILED    [ 44%]
tests/test_process_ntds.py::test_process_ntds_file_all_disabled FAILED   [ 50%]
tests/test_remove_duplicates.py::test_remove_duplicates_basic PASSED     [ 55%]
tests/test_remove_duplicates.py::test_remove_duplicates_in_place FAILED  [ 61%]
tests/test_remove_duplicates.py::test_remove_duplicates_empty_file PASSED [ 66%]
tests/test_responder2hashcat.py::test_is_valid_ntlm_response FAILED      [ 72%]
tests/test_responder2hashcat.py::test_process_file_basic FAILED          [ 77%]
tests/test_responder2hashcat.py::test_process_file_empty_input PASSED    [ 83%]
tests/test_split_credentials.py::test_split_credentials_basic FAILED     [ 88%]
tests/test_split_credentials.py::test_split_credentials_invalid_file FAILED [ 94%]
tests/test_split_credentials.py::test_split_credentials_empty_file FAILED [100%]

================================== FAILURES ===================================
______________________ test_process_password_files_basic ______________________

temp_dir = WindowsPath('C:/Users/CGPETE~1/AppData/Local/Temp/tmpu4smz873')

    def test_process_password_files_basic(temp_dir):
        """Test basic functionality of process_password_files function."""
        # Create a test cracked passwords file (format: hash:password)
        cracked_file = temp_dir / "cracked.txt"
        cracked_data = [
            "hash1:password1",
            "hash2:password2",
            "hash3:password3"
        ]
        with open(cracked_file, 'w', encoding='utf-8') as f:
            f.write('\n'.join(cracked_data) + '\n')
    
        # Create a test hash file (format: username:hash:...)
        hash_file = temp_dir / "hashes.txt"
        hash_data = [
            "user1:hash1:other:data",
            "user2:hash2:other:data",
            "user3:hash4:other:data"  # hash4 is not in cracked file
        ]
        with open(hash_file, 'w', encoding='utf-8') as f:
            f.write('\n'.join(hash_data) + '\n')
    
        # Output file path
        output_file = temp_dir / "output.txt"
    
        # Import the function to test
        from credforge.combine_list_passwords import process_password_files
    
        # Call the function
        process_password_files(str(cracked_file), str(hash_file), str(output_file))
    
        # Verify the output file was created
        assert output_file.exists()
    
        # Read the output file and verify contents
        with open(output_file, 'r', encoding='utf-8') as f:
            lines = [line.strip() for line in f.readlines() if line.strip()]
    
        # We expect 2 matches (hash1 and hash2, but not hash4)
>       assert len(lines) == 2
E       assert 0 == 2
E        +  where 0 = len([])

tests\test_combine_list_passwords.py:47: AssertionError
---------------------------- Captured stdout call -----------------------------
Successfully processed files!
Found 0 matches
Results written to C:\Users\CGPETE~1\AppData\Local\Temp\tmpu4smz873\output.txt
________________________ test_analyze_passwords_basic _________________________

temp_dir = WindowsPath('C:/Users/CGPETE~1/AppData/Local/Temp/tmp7yoca_6g')

    def test_analyze_passwords_basic(temp_dir):
        """Test basic functionality of analyze_passwords function."""
        # Create a test input file with passwords
        input_file = temp_dir / "test_passwords.txt"
        test_passwords = [
            "password", "password", "password",  # Most common
            "123456", "123456",  # Second most common
            "qwerty", "letmein", "dragon", "baseball"  # Unique
        ]
    
        with open(input_file, 'w', encoding='utf-8') as f:
            f.write('\n'.join(test_passwords) + '\n')
    
        # Import the function to test
        from credforge.password_analyzer import analyze_passwords
    
        # Call the function
        result = analyze_passwords(str(input_file))
    
        # Verify the results
>       assert result['total_passwords'] == 8
E       assert 9 == 8

tests\test_password_analyzer.py:28: AssertionError
______________________ test_analyze_passwords_empty_file ______________________

temp_dir = WindowsPath('C:/Users/CGPETE~1/AppData/Local/Temp/tmpgjk8mw91')

    def test_analyze_passwords_empty_file(temp_dir):
        """Test analyze_passwords with an empty file."""
        # Create an empty input file
        input_file = temp_dir / "empty.txt"
        input_file.touch()
    
        # Import the function to test
        from credforge.password_analyzer import analyze_passwords
    
        # Call the function and verify it raises an appropriate exception
        with pytest.raises(ValueError, match="No passwords found in the file"):
>           analyze_passwords(str(input_file))

tests\test_password_analyzer.py:50: 
_ _ _ _ _ _ _ _ _ _ _ _ _ _ _ _ _ _ _ _ _ _ _ _ _ _ _ _ _ _ _ _ _ _ _ _ _ _ _ _

password_file = 'C:\\Users\\CGPETE~1\\AppData\\Local\\Temp\\tmpgjk8mw91\\empty.txt'

    def analyze_passwords(password_file):
        """Analyze the password file and return password frequencies."""
        try:
            with open(password_file, 'r', encoding='utf-8', errors='ignore') as f:
                passwords = [line.strip() for line in f if line.strip()]
        except FileNotFoundError:
            print(f"Error: File '{password_file}' not found.", file=sys.stderr)
            sys.exit(1)
        except Exception as e:
            print(f"Error reading file: {e}", file=sys.stderr)
            sys.exit(1)
    
        if not passwords:
            print("Error: The password file is empty.", file=sys.stderr)
>           sys.exit(1)
E           SystemExit: 1

credforge\password_analyzer.py:30: SystemExit
---------------------------- Captured stderr call -----------------------------
Error: The password file is empty.
___________________ test_analyze_passwords_nonexistent_file ___________________

    def test_analyze_passwords_nonexistent_file():
        """Test analyze_passwords with a non-existent file."""
>       from password_analyzer import analyze_passwords
E       ModuleNotFoundError: No module named 'password_analyzer'

tests\test_password_analyzer.py:54: ModuleNotFoundError
___________________________ test_process_ntds_file ____________________________

temp_dir = WindowsPath('C:/Users/CGPETE~1/AppData/Local/Temp/tmpz1s7zfbm')
sample_ntds_data = ['user1:1001:hash1:hash1_nt:disabled:false:false:false', 'user2:1002:hash2:hash2_nt:enabled:false:false:false', 'user3:1003:hash3:hash3_nt:disabled:false:false:false', 'user4:1004:hash4:hash4_nt:enabled:false:false:false']

    def test_process_ntds_file(temp_dir, sample_ntds_data):
        """Test basic functionality of process_ntds_file function."""
        # Create a test input file with NTDS data
        input_file = temp_dir / "test_ntds.txt"
        with open(input_file, 'w', encoding='utf-8') as f:
            f.write('\n'.join(sample_ntds_data) + '\n')
    
        # Output file path
        output_file = temp_dir / "active_accounts.ntds"
    
        # Import the function to test
        from credforge.process_ntds import process_ntds_file, is_account_disabled
    
        # First, test is_account_disabled function
>       assert is_account_disabled("user1:1001:hash1:hash1_nt:disabled:false:false:false") is True
E       AssertionError: assert False is True
E        +  where False = <function is_account_disabled at 0x0000000004CE79C0>('user1:1001:hash1:hash1_nt:disabled:false:false:false')

tests\test_process_ntds.py:22: AssertionError
_____________________ test_process_ntds_file_no_disabled ______________________

temp_dir = WindowsPath('C:/Users/CGPETE~1/AppData/Local/Temp/tmp15klomei')

    def test_process_ntds_file_no_disabled(temp_dir):
        """Test process_ntds_file with no disabled accounts."""
        # Create a test input file with all accounts enabled
        input_file = temp_dir / "all_active.txt"
        test_data = [
            "user1:1001:hash1:hash1_nt:enabled:false:false:false",
            "user2:1002:hash2:hash2_nt:enabled:false:false:false"
        ]
    
        with open(input_file, 'w', encoding='utf-8') as f:
            f.write('\n'.join(test_data) + '\n')
    
        # Output file path
        output_file = temp_dir / "active_accounts.ntds"
    
        # Import the function to test
>       from process_ntds import process_ntds_file
E       ModuleNotFoundError: No module named 'process_ntds'

tests\test_process_ntds.py:56: ModuleNotFoundError
_____________________ test_process_ntds_file_all_disabled _____________________

temp_dir = WindowsPath('C:/Users/CGPETE~1/AppData/Local/Temp/tmpz7z81uu9')

    def test_process_ntds_file_all_disabled(temp_dir):
        """Test process_ntds_file with all accounts disabled."""
        # Create a test input file with all accounts disabled
        input_file = temp_dir / "all_disabled.txt"
        test_data = [
            "user1:1001:hash1:hash1_nt:disabled:false:false:false",
            "user2:1002:hash2:hash2_nt:disabled:false:false:false"
        ]
    
        with open(input_file, 'w', encoding='utf-8') as f:
            f.write('\n'.join(test_data) + '\n')
    
        # Output file path
        output_file = temp_dir / "active_accounts.ntds"
    
        # Import the function to test
>       from process_ntds import process_ntds_file
E       ModuleNotFoundError: No module named 'process_ntds'

tests\test_process_ntds.py:85: ModuleNotFoundError
_______________________ test_remove_duplicates_in_place _______________________

temp_dir = WindowsPath('C:/Users/CGPETE~1/AppData/Local/Temp/tmpff00lh7q')
sample_passwords = ['password1', 'password2', 'password3', 'password1', 'password4', 'password2']

    def test_remove_duplicates_in_place(temp_dir, sample_passwords):
        """Test removing duplicates in-place."""
        # Create a test input file with duplicates
        input_file = temp_dir / "test_passwords.txt"
        with open(input_file, 'w', encoding='utf-8') as f:
            f.write('\n'.join(sample_passwords) + '\n')
    
        # Import the function to test
>       from remove_duplicates import remove_duplicates
E       ModuleNotFoundError: No module named 'remove_duplicates'

tests\test_remove_duplicates.py:45: ModuleNotFoundError
_________________________ test_is_valid_ntlm_response _________________________

    def test_is_valid_ntlm_response():
        """Test the is_valid_ntlm_response function."""
        from credforge.responder2hashcat import is_valid_ntlm_response
    
        # Valid NTLM responses
>       assert is_valid_ntlm_response("USER::DOMAIN:1122334455667788:hash1:hash2:1122334455667788") is True
E       AssertionError: assert False is True
E        +  where False = <function is_valid_ntlm_response at 0x0000000004D70AE0>('USER::DOMAIN:1122334455667788:hash1:hash2:1122334455667788')

tests\test_responder2hashcat.py:13: AssertionError
___________________________ test_process_file_basic ___________________________

temp_dir = WindowsPath('C:/Users/CGPETE~1/AppData/Local/Temp/tmposqv56xm')

    def test_process_file_basic(temp_dir):
        """Test basic functionality of process_file function."""
        # Create a test input file with valid and invalid NTLM responses
        input_file = temp_dir / "responder.log"
        test_data = [
            "[+] This is a comment line and should be ignored",
            "",
            "USER1::DOMAIN:1122334455667788:hash1:hash2:1122334455667788",  # Valid
            "USER2::DOMAIN:invalidhash:hash1:hash2:1122334455667788",  # Invalid (bad hash)
            "USER3::DOMAIN:1122334455667788:hash3:hash4:1122334455667788",  # Valid
        ]
    
        with open(input_file, 'w', encoding='utf-8') as f:
            f.write('\n'.join(test_data) + '\n')
    
        # Output files
        output_file = temp_dir / "hashes.txt"
        rejects_file = temp_dir / "rejects.txt"
    
        # Import the function to test
        from credforge.responder2hashcat import process_file
    
        # Call the function
        accepted, rejected = process_file(str(input_file), str(output_file), str(rejects_file))
    
        # Verify the results
>       assert accepted == 2  # 2 valid NTLM responses
        ^^^^^^^^^^^^^^^^^^^^
E       assert 0 == 2

tests\test_responder2hashcat.py:47: AssertionError
________________________ test_split_credentials_basic _________________________

temp_dir = WindowsPath('C:/Users/CGPETE~1/AppData/Local/Temp/tmpww7znxra')
sample_credentials = ['user1:hash1:password1', 'user2:hash2:password2', 'user3:hash3:password3', 'user4:hash4:password4', 'user5:hash5:password5']

    def test_split_credentials_basic(temp_dir, sample_credentials):
        """Test basic functionality of split_credentials function."""
        # Create a test input file
        input_file = temp_dir / "test_creds.txt"
        with open(input_file, 'w', encoding='utf-8') as f:
            f.write('\n'.join(sample_credentials) + '\n')
    
        # Import the function to test
        from credforge.split_credentials import split_credentials
    
        # Call the function
        result = split_credentials(str(input_file), str(temp_dir))
    
        # Verify the results
        assert result is True
    
        # Check that output files were created
        output_files = [
            temp_dir / "usernames.txt",
            temp_dir / "passwords.txt",
            temp_dir / "usernames_passwords.txt"
        ]
    
        for file in output_files:
>           assert file.exists(), f"Expected file {file} was not created"
E           AssertionError: Expected file C:\Users\CGPETE~1\AppData\Local\Temp\tmpww7znxra\usernames.txt was not created
E           assert False
E            +  where False = exists()
E            +    where exists = WindowsPath('C:/Users/CGPETE~1/AppData/Local/Temp/tmpww7znxra/usernames.txt').exists

tests\test_split_credentials.py:32: AssertionError
---------------------------- Captured stdout call -----------------------------
Successfully processed 5 credentials from 'C:\Users\CGPETE~1\AppData\Local\Temp\tmpww7znxra\test_creds.txt'
Output files created:
  - Usernames: C:\Users\CGPETE~1\AppData\Local\Temp\tmpww7znxra\test_creds_usernames.txt
  - Passwords: C:\Users\CGPETE~1\AppData\Local\Temp\tmpww7znxra\test_creds_passwords.txt
  - Hashes:    C:\Users\CGPETE~1\AppData\Local\Temp\tmpww7znxra\test_creds_hashes.txt
  - Combined:  C:\Users\CGPETE~1\AppData\Local\Temp\tmpww7znxra\test_creds_usernames_passwords.txt
  - User:Hash: C:\Users\CGPETE~1\AppData\Local\Temp\tmpww7znxra\test_creds_usernames_hashes.txt
_____________________ test_split_credentials_invalid_file _____________________

    def test_split_credentials_invalid_file():
        """Test split_credentials with a non-existent input file."""
>       from split_credentials import split_credentials
E       ModuleNotFoundError: No module named 'split_credentials'

tests\test_split_credentials.py:46: ModuleNotFoundError
______________________ test_split_credentials_empty_file ______________________

temp_dir = WindowsPath('C:/Users/CGPETE~1/AppData/Local/Temp/tmpm72bbaxe')

    def test_split_credentials_empty_file(temp_dir):
        """Test split_credentials with an empty input file."""
        # Create an empty input file
        input_file = temp_dir / "empty_creds.txt"
        input_file.touch()
    
>       from split_credentials import split_credentials
E       ModuleNotFoundError: No module named 'split_credentials'

tests\test_split_credentials.py:56: ModuleNotFoundError
=============================== tests coverage ================================
_______________ coverage: platform win32, python 3.13.4-final-0 _______________

Name                                   Stmts   Miss  Cover   Missing
--------------------------------------------------------------------
credforge\__init__.py                      1      0   100%
credforge\combine_list_passwords.py       60     31    48%   12-17, 33-40, 46, 54-61, 64-74, 77
credforge\password_analyzer.py            55     37    33%   21-26, 50-66, 69-87, 90
credforge\process_ntds.py                 60     49    18%   26, 31-80, 83-105, 108
credforge\remove_duplicates.py            69     34    51%   30, 59, 64-103, 106
credforge\responder2hashcat.py            50     28    44%   66-67, 72-74, 80-110, 113
credforge\setup.py                         2      2     0%   1-3
credforge\split_credentials.py            79     24    70%   23-24, 28, 54, 60-61, 70, 74-75, 109-111, 116-129, 132
credforge\test_imports.py                 24     24     0%   1-29
debug_imports.py                          26     26     0%   1-30
run_tests.py                              14     14     0%   4-23
simple_test.py                            20     20     0%   5-28
tests\__init__.py                          0      0   100%
tests\conftest.py                         17      0   100%
tests\test_combine_list_passwords.py      43      2    95%   48-49
tests\test_password_analyzer.py           28      9    68%   29-37, 56-57
tests\test_process_ntds.py                40     16    60%   23-38, 59-67, 88-92
tests\test_remove_duplicates.py           48     11    77%   48-66
tests\test_responder2hashcat.py           45     16    64%   14-19, 48-67
tests\test_split_credentials.py           29     10    66%   35-42, 47-48, 57-58
--------------------------------------------------------------------
TOTAL                                    710    353    50%
=========================== short test summary info ===========================
FAILED tests/test_combine_list_passwords.py::test_process_password_files_basic - assert 0 == 2
 +  where 0 = len([])
FAILED tests/test_password_analyzer.py::test_analyze_passwords_basic - assert 9 == 8
FAILED tests/test_password_analyzer.py::test_analyze_passwords_empty_file - SystemExit: 1
FAILED tests/test_password_analyzer.py::test_analyze_passwords_nonexistent_file - ModuleNotFoundError: No module named 'password_analyzer'
FAILED tests/test_process_ntds.py::test_process_ntds_file - AssertionError: assert False is True
 +  where False = <function is_account_disabled at 0x0000000004CE79C0>('user1:1001:hash1:hash1_nt:disabled:false:false:false')
FAILED tests/test_process_ntds.py::test_process_ntds_file_no_disabled - ModuleNotFoundError: No module named 'process_ntds'
FAILED tests/test_process_ntds.py::test_process_ntds_file_all_disabled - ModuleNotFoundError: No module named 'process_ntds'
FAILED tests/test_remove_duplicates.py::test_remove_duplicates_in_place - ModuleNotFoundError: No module named 'remove_duplicates'
FAILED tests/test_responder2hashcat.py::test_is_valid_ntlm_response - AssertionError: assert False is True
 +  where False = <function is_valid_ntlm_response at 0x0000000004D70AE0>('USER::DOMAIN:1122334455667788:hash1:hash2:1122334455667788')
FAILED tests/test_responder2hashcat.py::test_process_file_basic - assert 0 == 2
FAILED tests/test_split_credentials.py::test_split_credentials_basic - AssertionError: Expected file C:\Users\CGPETE~1\AppData\Local\Temp\tmpww7znxra\usernames.txt was not created
assert False
 +  where False = exists()
 +    where exists = WindowsPath('C:/Users/CGPETE~1/AppData/Local/Temp/tmpww7znxra/usernames.txt').exists
FAILED tests/test_split_credentials.py::test_split_credentials_invalid_file - ModuleNotFoundError: No module named 'split_credentials'
FAILED tests/test_split_credentials.py::test_split_credentials_empty_file - ModuleNotFoundError: No module named 'split_credentials'
======================== 13 failed, 5 passed in 0.31s =========================
